dc_shell> report_lib fakeram45_256x16

****************************************
Report : library
Library: fakeram45_256x16
Version: S-2021.06-SP5
Date   : Wed Mar 26 15:55:55 2025
****************************************

Library Type            : Technology
Tool Created            : S-2021.06-SP5
Date Created            : 2022-05-18 16:05:50Z
Library Version         : 1.0
Comments                : SRAM
Time Unit               : 1ns

Capacitive Load Unit    : 1.000000pf
Pulling Resistance Unit : 1kilo-ohm
Voltage Unit            : 1V
Current Unit            : 1uA
Dynamic Energy Unit     : 1.000000pJ   (derived from V,C units)
Leakage Power Unit      : 1uW
Bus Naming Style        : %s[%d] (default)

Operating Conditions:


    Operating Condition Name : tt_1.0_25.0
    Library : fakeram45_256x16
    Process :   1.00
    Temperature :  25.00
    Voltage :   1.10
    Interconnect Model : balanced_tree

Input Voltages:

    No input_voltage groups specified.

Output Voltages:

    No output_voltage groups specified.

Wire Loading Model:

    No wire loading specified.


Wire Loading Model Mode: top.

Porosity information:

    No porosity information specified.

In_place optimization mode:  no_swapping (in_place optimization disabled)

Timing Ranges:

    No timing ranges specified.


Delay Threshold Trip-Points:

	input_threshold_pct_rise:	50
	output_threshold_pct_rise:	50
	input_threshold_pct_fall:	50
	output_threshold_pct_fall:	50


Slew Threshold Trip-Points:

	slew_lower_threshold_pct_rise:	20
	slew_upper_threshold_pct_rise:	80
	slew_lower_threshold_pct_fall:	20
	slew_upper_threshold_pct_fall:	80

	slew_derate_from_library:	1


Components:

    Attributes:
       af - active falling
       ah - active high
       al - active low
       ar - active rising
        b - black box (function unknown)
       ce - clock enable
       cg - clock gating integrated cell
    short - has shorted pin
       ub - unbuffered
      pgt - pass gate
      ctl - has CTL test model
        d - dont_touch
      iso - isolation cell
  clk_iso - clock isolation cell
   ne_iso - no enable isolation cell
       ls - level shifter
      dls - differential level shifter
    ne-ls - no enable level shifter
       mo - map_only
     1p0g - power only, no ground
     0p1g - ground only, no power
     0p0g - no power/ground
        p - preferred
      pad - pad cell
       hp - hold_preferred
     pwrg - power gating cell
        r - removable
        s - statetable
      sa0 - dont_fault stuck-at-0
      sa1 - dont_fault stuck-at-1
     sa01 - dont_fault both stuck-at-0 and stuck-at-1
       sz - use_for_size_only
      soi - silicon on insulator
        t - test cell. t(scan_type) as
          t(mux_ff) - muxed flip-flop
          t(mux_ld) - muxed latch
          t(clk_scan) - clocked scan
          t(clk_scan_ld) - clocked scan latch
          t(lssd_dld) - double latch LSSD
          t(lssd_sld) - single latch LSSD
          t(lssd_clk) - clocked LSSD
          t(lssd_auxclk) - auxiliary clock LSSD
          t(lssd_se) - scan enabled LSSD
        u - dont_use
      udp - usable for datapath generators
      ufc - user_function_class. ufc(type) as
          ufc(u) - user-defined
          ufc(a) - automatically generated
      ccs - composite current source
    c_ccs - compact ccs timing modeling
     ccsn - ccs noise data modeling
     ccsp - ccs power data modeling
     recv - receiver model
      lvf - lvf modeling
      imc - macro cell 
switch_cg - switch cell (coarse grain)
      ret - retention cell
 ret(zpr) - zero pin retention cell
    sprpg - using same pg_pin as related power and ground
       ao - always on cell
     gicg - generic integrated clock gating
       va - variation-aware ccs timing modeling
      val - variation-aware ccs leakage power modeling
      fil - filler cell
      tap - tap cell
    decap - decap cell
      pll - pll cell
      mem - memory cell
      adt - antenna diode type. adt(type) as
          adt(pg) - power_and_ground
          adt(p) - power
          adt(g) - ground
      ss - synchronizer_stage


Pin Attributes:
       ao - always on pin
      lse - level shifter enable pin
     isoe - isolation cell enable pin
     scmr - standard cell main rail
    short - shorted pin
       uc - unconnected pin


   Cell      Attributes
   ------------------------------
   fakeram45_256x16 b, s
1
1
